#-----------------------------------------------------------
# Vivado v2015.4 (64-bit)
# SW Build 1412921 on Wed Nov 18 09:44:32 MST 2015
# IP Build 1412160 on Tue Nov 17 13:47:24 MST 2015
# Start of session at: Thu Mar  3 15:09:48 2016
# Process ID: 5092
# Current directory: /media/francis/Acer/Users/Francis/Documents/GitHub/Proyecto_De_Graduacion/Proyecto_version_inicial_Diego/Iteracion 1/Iteracion 1.runs/impl_1
# Command line: vivado -log Temporal_op_result_sign.vdi -applog -messageDb vivado.pb -mode batch -source Temporal_op_result_sign.tcl -notrace
# Log file: /media/francis/Acer/Users/Francis/Documents/GitHub/Proyecto_De_Graduacion/Proyecto_version_inicial_Diego/Iteracion 1/Iteracion 1.runs/impl_1/Temporal_op_result_sign.vdi
# Journal file: /media/francis/Acer/Users/Francis/Documents/GitHub/Proyecto_De_Graduacion/Proyecto_version_inicial_Diego/Iteracion 1/Iteracion 1.runs/impl_1/vivado.jou
#-----------------------------------------------------------
source Temporal_op_result_sign.tcl -notrace
