Copyright 1986-2015 Xilinx, Inc. All Rights Reserved.
--------------------------------------------------------------------------------------------------------
| Tool Version : Vivado v.2015.4 (lin64) Build 1412921 Wed Nov 18 09:44:32 MST 2015
| Date         : Sat May 28 14:59:45 2016
| Host         : francis-Aspire-E1-570 running 64-bit Ubuntu 15.10
| Command      : report_control_sets -verbose -file FPU_Multiplication_Function_control_sets_placed.rpt
| Design       : FPU_Multiplication_Function
| Device       : xc7a100t
--------------------------------------------------------------------------------------------------------

Control Set Information

Table of Contents
-----------------
1. Summary
2. Flip-Flop Distribution
3. Detailed Control Set Information

1. Summary
----------

+-------------------------------------------------------------------+-------+
|                               Status                              | Count |
+-------------------------------------------------------------------+-------+
| Number of unique control sets                                     |    12 |
| Minimum Number of register sites lost to control set restrictions |    46 |
+-------------------------------------------------------------------+-------+


2. Flip-Flop Distribution
-------------------------

+--------------+-----------------------+------------------------+-----------------+--------------+
| Clock Enable | Synchronous Set/Reset | Asynchronous Set/Reset | Total Registers | Total Slices |
+--------------+-----------------------+------------------------+-----------------+--------------+
| No           | No                    | No                     |             102 |           37 |
| No           | No                    | Yes                    |               6 |            5 |
| No           | Yes                   | No                     |               0 |            0 |
| Yes          | No                    | No                     |               0 |            0 |
| Yes          | No                    | Yes                    |             422 |          144 |
| Yes          | Yes                   | No                     |               0 |            0 |
+--------------+-----------------------+------------------------+-----------------+--------------+


3. Detailed Control Set Information
-----------------------------------

+----------------+-----------------------------------------------+------------------------+------------------+----------------+
|  Clock Signal  |                 Enable Signal                 |    Set/Reset Signal    | Slice Load Count | Bel Load Count |
+----------------+-----------------------------------------------+------------------------+------------------+----------------+
|  clk_IBUF_BUFG | FS_Module/Q_reg[0]_6[0]                       | FS_Module/Q_reg[63][0] |                1 |              1 |
|  clk_IBUF_BUFG | FS_Module/Q_reg[0]_5[0]                       | FS_Module/Q_reg[63][1] |                1 |              2 |
|  clk_IBUF_BUFG | FS_Module/E[0]                                | FS_Module/Q_reg[63][0] |                2 |              3 |
|  clk_IBUF_BUFG | FS_Module/FSM_sequential_state_reg[3]_i_1_n_0 | rst_IBUF               |                3 |              4 |
|  clk_IBUF_BUFG |                                               | FS_Module/Q_reg[63][0] |                5 |              6 |
|  clk_IBUF_BUFG | FS_Module/Q_reg[0]_7[0]                       | FS_Module/Q_reg[63][0] |                3 |             12 |
|  clk_IBUF_BUFG | FS_Module/Q_reg[0]_5[0]                       | FS_Module/Q_reg[63][0] |               14 |             52 |
|  clk_IBUF_BUFG | FS_Module/Q_reg[0]_4[0]                       | FS_Module/Q_reg[63][0] |               15 |             53 |
|  clk_IBUF_BUFG | FS_Module/Q_reg[0]_8[0]                       | FS_Module/AR[0]        |               15 |             64 |
|  clk_IBUF_BUFG |                                               |                        |               37 |            102 |
|  clk_IBUF_BUFG | FS_Module/Q_reg[0]_6[0]                       | rst_IBUF               |               29 |            106 |
|  clk_IBUF_BUFG | FS_Module/E[0]                                | FS_Module/Q_reg[63][1] |               61 |            125 |
+----------------+-----------------------------------------------+------------------------+------------------+----------------+


