Copyright 1986-2015 Xilinx, Inc. All Rights Reserved.
------------------------------------------------------------------------------------------------------
| Tool Version : Vivado v.2015.4 (lin64) Build 1412921 Wed Nov 18 09:44:32 MST 2015
| Date         : Fri Apr  8 05:40:16 2016
| Host         : francis-Aspire-E1-570 running 64-bit Ubuntu 15.10
| Command      : report_control_sets -verbose -file FPU_Add_Subtract_Function_control_sets_placed.rpt
| Design       : FPU_Add_Subtract_Function
| Device       : xc7a100t
------------------------------------------------------------------------------------------------------

Control Set Information

Table of Contents
-----------------
1. Summary
2. Flip-Flop Distribution
3. Detailed Control Set Information

1. Summary
----------

+-------------------------------------------------------------------+-------+
|                               Status                              | Count |
+-------------------------------------------------------------------+-------+
| Number of unique control sets                                     |    15 |
| Minimum Number of register sites lost to control set restrictions |    54 |
+-------------------------------------------------------------------+-------+


2. Flip-Flop Distribution
-------------------------

+--------------+-----------------------+------------------------+-----------------+--------------+
| Clock Enable | Synchronous Set/Reset | Asynchronous Set/Reset | Total Registers | Total Slices |
+--------------+-----------------------+------------------------+-----------------+--------------+
| No           | No                    | No                     |               0 |            0 |
| No           | No                    | Yes                    |              29 |           17 |
| No           | Yes                   | No                     |               0 |            0 |
| Yes          | No                    | No                     |               0 |            0 |
| Yes          | No                    | Yes                    |             285 |          106 |
| Yes          | Yes                   | No                     |               0 |            0 |
+--------------+-----------------------+------------------------+-----------------+--------------+


3. Detailed Control Set Information
-----------------------------------

+----------------+-----------------------------------------------+------------------------+------------------+----------------+
|  Clock Signal  |                 Enable Signal                 |    Set/Reset Signal    | Slice Load Count | Bel Load Count |
+----------------+-----------------------------------------------+------------------------+------------------+----------------+
|  clk_IBUF_BUFG | FS_Module/Q_reg[0]_3[0]                       | FS_Module/AR[0]        |                1 |              1 |
|  clk_IBUF_BUFG | FS_Module/Q_reg[0]_0[0]                       | FS_Module/Q_reg[26][0] |                1 |              2 |
|  clk_IBUF_BUFG | FS_Module/E[0]                                | FS_Module/Q_reg[26][0] |                3 |              3 |
|  clk_IBUF_BUFG | FS_Module/Q_reg[0]_0[0]                       | FS_Module/Q_reg[26][2] |                3 |              3 |
|  clk_IBUF_BUFG | FS_Module/FSM_sequential_state_reg[4]_i_1_n_0 | rst_IBUF               |                3 |              5 |
|  clk_IBUF_BUFG | FS_Module/Q_reg[1][0]                         | FS_Module/Q_reg[26][0] |                5 |              7 |
|  clk_IBUF_BUFG | FS_Module/Q_reg[0][0]                         | FS_Module/Q_reg[26][0] |                3 |              9 |
|  clk_IBUF_BUFG | FS_Module/Q_reg[0]_3[0]                       | FS_Module/Q_reg[26][0] |                5 |             16 |
|  clk_IBUF_BUFG | FS_Module/Q_reg[0]_2[0]                       | FS_Module/Q_reg[26][0] |                8 |             26 |
|  clk_IBUF_BUFG |                                               | FS_Module/Q_reg[26][0] |               17 |             29 |
|  clk_IBUF_BUFG | FS_Module/E[0]                                | FS_Module/Q_reg[26][1] |               12 |             32 |
|  clk_IBUF_BUFG | FS_Module/Q_reg[0]_1[0]                       | FS_Module/AR[0]        |                6 |             32 |
|  clk_IBUF_BUFG | FS_Module/E[0]                                | FS_Module/Q_reg[26][2] |               24 |             43 |
|  clk_IBUF_BUFG | FS_Module/Q_reg[0]_3[0]                       | FS_Module/Q_reg[26][2] |               15 |             46 |
|  clk_IBUF_BUFG | FS_Module/Q_reg[0]_0[0]                       | FS_Module/Q_reg[26][1] |               17 |             60 |
+----------------+-----------------------------------------------+------------------------+------------------+----------------+


